../Core/Src/main.c:152:7:UART_Handle	24	static
../Core/Src/main.c:217:7:UartIdle_Init	8	static
../Core/Src/main.c:222:7:HAL_UARTEx_RxEventCallback	16	static
../Core/Src/main.c:231:6:HAL_TIM_PeriodElapsedCallback	16	static
../Core/Src/main.c:264:5:main	8	static
../Core/Src/main.c:341:6:SystemClock_Config	88	static
../Core/Src/main.c:388:13:MX_TIM1_Init	56	static
../Core/Src/main.c:438:13:MX_TIM2_Init	56	static
../Core/Src/main.c:487:13:MX_TIM3_Init	56	static
../Core/Src/main.c:536:13:MX_TIM4_Init	64	static
../Core/Src/main.c:607:13:MX_TIM5_Init	56	static
../Core/Src/main.c:656:13:MX_TIM8_Init	96	static
../Core/Src/main.c:735:13:MX_TIM9_Init	56	static
../Core/Src/main.c:791:13:MX_USART3_UART_Init	8	static
../Core/Src/main.c:822:13:MX_DMA_Init	16	static
../Core/Src/main.c:840:13:MX_GPIO_Init	48	static
../Core/Src/main.c:884:6:Error_Handler	4	static,ignoring_inline_asm
