../Core/Src/main.c:159:6:UART_Handle	24	static
../Core/Src/main.c:186:6:UartIdle_Init	8	static
../Core/Src/main.c:191:6:HAL_UARTEx_RxEventCallback	16	static
../Core/Src/main.c:200:6:HAL_TIM_PeriodElapsedCallback	16	static
../Core/Src/main.c:233:6:SetHome	8	static
../Core/Src/main.c:302:6:HAL_GPIO_EXTI_Callback	16	static
../Core/Src/main.c:343:5:main	96	static
../Core/Src/main.c:436:6:SystemClock_Config	88	static
../Core/Src/main.c:483:13:MX_TIM1_Init	56	static
../Core/Src/main.c:533:13:MX_TIM2_Init	56	static
../Core/Src/main.c:582:13:MX_TIM3_Init	56	static
../Core/Src/main.c:631:13:MX_TIM4_Init	64	static
../Core/Src/main.c:702:13:MX_TIM5_Init	56	static
../Core/Src/main.c:751:13:MX_TIM8_Init	96	static
../Core/Src/main.c:830:13:MX_TIM9_Init	56	static
../Core/Src/main.c:886:13:MX_USART3_UART_Init	8	static
../Core/Src/main.c:917:13:MX_DMA_Init	16	static
../Core/Src/main.c:935:13:MX_GPIO_Init	48	static
../Core/Src/main.c:1001:6:Error_Handler	4	static,ignoring_inline_asm
